  stdafx.cpp
  dllmain.cpp
C:\Users\Alejandro\Documents\Interfaz2.0\Software\VisualStudio\InterfazDll\dllmain.cpp(253,18): warning C4267: 'return': conversión de 'size_t' a 'DWORD'; posible pérdida de datos
C:\Users\Alejandro\Documents\Interfaz2.0\Software\VisualStudio\InterfazDll\dllmain.cpp(259,18): warning C4267: 'return': conversión de 'size_t' a 'DWORD'; posible pérdida de datos
C:\Users\Alejandro\Documents\Interfaz2.0\Software\VisualStudio\InterfazDll\dllmain.cpp(324,18): warning C4267: 'return': conversión de 'size_t' a 'WORD'; posible pérdida de datos
C:\Users\Alejandro\Documents\Interfaz2.0\Software\VisualStudio\InterfazDll\dllmain.cpp(360,18): warning C4267: 'return': conversión de 'size_t' a 'uint16_t'; posible pérdida de datos
C:\Users\Alejandro\Documents\Interfaz2.0\Software\VisualStudio\InterfazDll\dllmain.cpp(366,18): warning C4267: 'return': conversión de 'size_t' a 'uint16_t'; posible pérdida de datos
     Creando biblioteca C:\Users\Alejandro\Documents\Interfaz2.0\Software\VisualStudio\Interfaz\x64\Debug\InterfazDll.lib y objeto C:\Users\Alejandro\Documents\Interfaz2.0\Software\VisualStudio\Interfaz\x64\Debug\InterfazDll.exp
dllmain.obj : error LNK2019: símbolo externo "public: void __cdecl firmata::Base::pinMode(unsigned char,unsigned char)" (?pinMode@Base@firmata@@QEAAXEE@Z) sin resolver al que se hace referencia en la función pinMode
dllmain.obj : error LNK2019: símbolo externo "public: void __cdecl firmata::Base::digitalWrite(unsigned char,unsigned char)" (?digitalWrite@Base@firmata@@QEAAXEE@Z) sin resolver al que se hace referencia en la función digitalWrite
dllmain.obj : error LNK2019: símbolo externo "public: void __cdecl firmata::Base::analogWrite(unsigned char,unsigned int)" (?analogWrite@Base@firmata@@QEAAXEI@Z) sin resolver al que se hace referencia en la función analogWrite
dllmain.obj : error LNK2019: símbolo externo "public: unsigned char __cdecl firmata::Base::digitalRead(unsigned char)" (?digitalRead@Base@firmata@@QEAAEE@Z) sin resolver al que se hace referencia en la función digitalRead
dllmain.obj : error LNK2019: símbolo externo "public: unsigned int __cdecl firmata::Base::analogRead(class std::basic_string<char,struct std::char_traits<char>,class std::allocator<char> > const &)" (?analogRead@Base@firmata@@QEAAIAEBV?$basic_string@DU?$char_traits@D@std@@V?$allocator@D@2@@std@@@Z) sin resolver al que se hace referencia en la función analogRead
dllmain.obj : error LNK2019: símbolo externo "public: void __cdecl firmata::Base::reportAnalog(unsigned char,unsigned char)" (?reportAnalog@Base@firmata@@QEAAXEE@Z) sin resolver al que se hace referencia en la función reportAnalog
dllmain.obj : error LNK2019: símbolo externo "public: void __cdecl firmata::Base::reportDigital(unsigned char,unsigned char)" (?reportDigital@Base@firmata@@QEAAXEE@Z) sin resolver al que se hace referencia en la función reportDigital
dllmain.obj : error LNK2019: símbolo externo "public: void __cdecl firmata::Base::setSamplingInterval(unsigned int)" (?setSamplingInterval@Base@firmata@@QEAAXI@Z) sin resolver al que se hace referencia en la función setSamplingInterval
dllmain.obj : error LNK2019: símbolo externo "public: void __cdecl firmata::I2C::configI2C(unsigned int)" (?configI2C@I2C@firmata@@QEAAXI@Z) sin resolver al que se hace referencia en la función configI2C
dllmain.obj : error LNK2019: símbolo externo "public: void __cdecl firmata::I2C::reportI2C(unsigned short,unsigned short,unsigned int)" (?reportI2C@I2C@firmata@@QEAAXGGI@Z) sin resolver al que se hace referencia en la función reportI2C
dllmain.obj : error LNK2019: símbolo externo "public: class std::vector<unsigned char,class std::allocator<unsigned char> > __cdecl firmata::I2C::readI2C(unsigned short,unsigned short)" (?readI2C@I2C@firmata@@QEAA?AV?$vector@EV?$allocator@E@std@@@std@@GG@Z) sin resolver al que se hace referencia en la función readI2C
dllmain.obj : error LNK2019: símbolo externo "public: class std::vector<unsigned char,class std::allocator<unsigned char> > __cdecl firmata::I2C::readI2COnce(unsigned short,unsigned short,unsigned int)" (?readI2COnce@I2C@firmata@@QEAA?AV?$vector@EV?$allocator@E@std@@@std@@GGI@Z) sin resolver al que se hace referencia en la función readI2COnce
dllmain.obj : error LNK2019: símbolo externo "public: void __cdecl firmata::I2C::writeI2C(unsigned short,class std::vector<unsigned char,class std::allocator<unsigned char> >)" (?writeI2C@I2C@firmata@@QEAAXGV?$vector@EV?$allocator@E@std@@@std@@@Z) sin resolver al que se hace referencia en la función writeI2C
dllmain.obj : error LNK2019: símbolo externo "public: void __cdecl firmata::LCD::printLCD(unsigned char,char const *)" (?printLCD@LCD@firmata@@QEAAXEPEBD@Z) sin resolver al que se hace referencia en la función DllMain
dllmain.obj : error LNK2019: símbolo externo "public: void __cdecl firmata::LCD::clearLCD(void)" (?clearLCD@LCD@firmata@@QEAAXXZ) sin resolver al que se hace referencia en la función DllMain
dllmain.obj : error LNK2019: símbolo externo "public: void __cdecl firmata::LCD::silenceLCD(void)" (?silenceLCD@LCD@firmata@@QEAAXXZ) sin resolver al que se hace referencia en la función lcdSilence
dllmain.obj : error LNK2019: símbolo externo "public: void __cdecl firmata::LCD::verboseLCD(void)" (?verboseLCD@LCD@firmata@@QEAAXXZ) sin resolver al que se hace referencia en la función lcdVerbose
dllmain.obj : error LNK2019: símbolo externo "public: static class std::vector<struct firmata::PortInfo,class std::allocator<struct firmata::PortInfo> > __cdecl firmata::FirmSerial::listPorts(void)" (?listPorts@FirmSerial@firmata@@SA?AV?$vector@UPortInfo@firmata@@V?$allocator@UPortInfo@firmata@@@std@@@std@@XZ) sin resolver al que se hace referencia en la función enumeratePorts
dllmain.obj : error LNK2019: símbolo externo "public: void __cdecl interfaz::Arduino::parse(void)" (?parse@Arduino@interfaz@@QEAAXXZ) sin resolver al que se hace referencia en la función open
dllmain.obj : error LNK2019: símbolo externo "public: __cdecl interfaz::Interfaz::Interfaz(char *,unsigned char)" (??0Interfaz@interfaz@@QEAA@PEADE@Z) sin resolver al que se hace referencia en la función open
dllmain.obj : error LNK2019: símbolo externo "public: void __cdecl interfaz::Interfaz::setOutputs(class std::vector<unsigned char,class std::allocator<unsigned char> >)" (?setOutputs@Interfaz@interfaz@@QEAAXV?$vector@EV?$allocator@E@std@@@std@@@Z) sin resolver al que se hace referencia en la función outputs
dllmain.obj : error LNK2019: símbolo externo "public: void __cdecl interfaz::Interfaz::setSteppers(class std::vector<unsigned char,class std::allocator<unsigned char> >)" (?setSteppers@Interfaz@interfaz@@QEAAXV?$vector@EV?$allocator@E@std@@@std@@@Z) sin resolver al que se hace referencia en la función steppers
dllmain.obj : error LNK2019: símbolo externo "public: void __cdecl interfaz::Interfaz::setServos(class std::vector<unsigned char,class std::allocator<unsigned char> >)" (?setServos@Interfaz@interfaz@@QEAAXV?$vector@EV?$allocator@E@std@@@std@@@Z) sin resolver al que se hace referencia en la función servos
dllmain.obj : error LNK2019: símbolo externo "public: void __cdecl interfaz::Interfaz::outputsOn(void)" (?outputsOn@Interfaz@interfaz@@QEAAXXZ) sin resolver al que se hace referencia en la función outputsOn
dllmain.obj : error LNK2019: símbolo externo "public: void __cdecl interfaz::Interfaz::outputsOff(void)" (?outputsOff@Interfaz@interfaz@@QEAAXXZ) sin resolver al que se hace referencia en la función outputsOff
dllmain.obj : error LNK2019: símbolo externo "public: void __cdecl interfaz::Interfaz::outputsDir(unsigned char)" (?outputsDir@Interfaz@interfaz@@QEAAXE@Z) sin resolver al que se hace referencia en la función outputsDir
dllmain.obj : error LNK2019: símbolo externo "public: void __cdecl interfaz::Interfaz::outputsSpeed(unsigned char)" (?outputsSpeed@Interfaz@interfaz@@QEAAXE@Z) sin resolver al que se hace referencia en la función outputsSpeed
dllmain.obj : error LNK2019: símbolo externo "public: void __cdecl interfaz::Interfaz::outputsBrake(void)" (?outputsBrake@Interfaz@interfaz@@QEAAXXZ) sin resolver al que se hace referencia en la función outputsBrake
dllmain.obj : error LNK2019: símbolo externo "public: void __cdecl interfaz::Interfaz::outputsReverse(void)" (?outputsReverse@Interfaz@interfaz@@QEAAXXZ) sin resolver al que se hace referencia en la función outputsReverse
dllmain.obj : error LNK2019: símbolo externo "public: void __cdecl interfaz::Interfaz::steppersSteps(unsigned short)" (?steppersSteps@Interfaz@interfaz@@QEAAXG@Z) sin resolver al que se hace referencia en la función steppersSteps
dllmain.obj : error LNK2019: símbolo externo "public: void __cdecl interfaz::Interfaz::steppersStop(void)" (?steppersStop@Interfaz@interfaz@@QEAAXXZ) sin resolver al que se hace referencia en la función steppersStop
dllmain.obj : error LNK2019: símbolo externo "public: void __cdecl interfaz::Interfaz::steppersDir(unsigned char)" (?steppersDir@Interfaz@interfaz@@QEAAXE@Z) sin resolver al que se hace referencia en la función steppersDir
dllmain.obj : error LNK2019: símbolo externo "public: class std::vector<unsigned char,class std::allocator<unsigned char> > __cdecl interfaz::Interfaz::steppersStatus(void)" (?steppersStatus@Interfaz@interfaz@@QEAA?AV?$vector@EV?$allocator@E@std@@@std@@XZ) sin resolver al que se hace referencia en la función steppersStatus
dllmain.obj : error LNK2019: símbolo externo "public: void __cdecl interfaz::Interfaz::servosPosition(unsigned char)" (?servosPosition@Interfaz@interfaz@@QEAAXE@Z) sin resolver al que se hace referencia en la función servosPosition
dllmain.obj : error LNK2019: símbolo externo "public: void __cdecl interfaz::Interfaz::setAnalog(unsigned char,unsigned char)" (?setAnalog@Interfaz@interfaz@@QEAAXEE@Z) sin resolver al que se hace referencia en la función analogOff
dllmain.obj : error LNK2019: símbolo externo "public: unsigned short __cdecl interfaz::Interfaz::analogValue(void)" (?analogValue@Interfaz@interfaz@@QEAAGXZ) sin resolver al que se hace referencia en la función analogValue
dllmain.obj : error LNK2019: símbolo externo "public: void __cdecl interfaz::Interfaz::setI2C(unsigned char,unsigned int)" (?setI2C@Interfaz@interfaz@@QEAAXEI@Z) sin resolver al que se hace referencia en la función i2c
dllmain.obj : error LNK2019: símbolo externo "public: void __cdecl interfaz::Interfaz::i2cReport(unsigned short,unsigned int)" (?i2cReport@Interfaz@interfaz@@QEAAXGI@Z) sin resolver al que se hace referencia en la función i2cReport
dllmain.obj : error LNK2019: símbolo externo "public: class std::vector<unsigned char,class std::allocator<unsigned char> > __cdecl interfaz::Interfaz::i2cRead(unsigned short,unsigned int)" (?i2cRead@Interfaz@interfaz@@QEAA?AV?$vector@EV?$allocator@E@std@@@std@@GI@Z) sin resolver al que se hace referencia en la función i2cRead
dllmain.obj : error LNK2019: símbolo externo "public: class std::vector<unsigned char,class std::allocator<unsigned char> > __cdecl interfaz::Interfaz::i2cValue(unsigned short)" (?i2cValue@Interfaz@interfaz@@QEAA?AV?$vector@EV?$allocator@E@std@@@std@@G@Z) sin resolver al que se hace referencia en la función i2cValue
dllmain.obj : error LNK2019: símbolo externo "public: void __cdecl interfaz::Interfaz::i2cWrite(class std::vector<unsigned char,class std::allocator<unsigned char> >)" (?i2cWrite@Interfaz@interfaz@@QEAAXV?$vector@EV?$allocator@E@std@@@std@@@Z) sin resolver al que se hace referencia en la función i2cWrite
dllmain.obj : error LNK2019: símbolo externo "public: unsigned char __cdecl interfaz::Interfaz::I2CLoad(char const *)" (?I2CLoad@Interfaz@interfaz@@QEAAEPEBD@Z) sin resolver al que se hace referencia en la función I2CLoad
dllmain.obj : error LNK2019: símbolo externo "public: void __cdecl interfaz::Interfaz::I2CCommand(unsigned char,char const *,unsigned char *)" (?I2CCommand@Interfaz@interfaz@@QEAAXEPEBDPEAE@Z) sin resolver al que se hace referencia en la función I2CCommand
dllmain.obj : error LNK2019: símbolo externo "public: void __cdecl interfaz::Interfaz::I2CwriteStr(unsigned char,char const *)" (?I2CwriteStr@Interfaz@interfaz@@QEAAXEPEBD@Z) sin resolver al que se hace referencia en la función I2CwriteStr
dllmain.obj : error LNK2019: símbolo externo "public: void __cdecl interfaz::Interfaz::close(void)" (?close@Interfaz@interfaz@@QEAAXXZ) sin resolver al que se hace referencia en la función close
C:\Users\Alejandro\Documents\Interfaz2.0\Software\VisualStudio\firmatacpp\vendor\serial\Debug\serial.lib : warning LNK4272: el tipo de máquina de biblioteca 'x86' está en conflicto con el tipo de máquina de destino 'x64'
C:\Users\Alejandro\Documents\Interfaz2.0\Software\VisualStudio\firmatacpp\Debug\firmatacpp.lib : warning LNK4272: el tipo de máquina de biblioteca 'x86' está en conflicto con el tipo de máquina de destino 'x64'
C:\Users\Alejandro\Documents\Interfaz2.0\Software\VisualStudio\Interfaz\x64\Debug\InterfazDll.dll : fatal error LNK1120: 45 externos sin resolver
